> Task :clean
> Task :compileJava
> Task :processResources
> Task :classes

> Task :compileTestJava

> Task :processTestResources
> Task :testClasses

> Task :test

2026-02-04T14:10:04.507+09:00  INFO 37012 --- [concert_reservation] [ionShutdownHook] j.LocalContainerEntityManagerFactoryBean : Closing JPA EntityManagerFactory for persistence unit 'default'
Hibernate: 
    drop table if exists balance cascade 
Hibernate: 
    drop table if exists concert_dates cascade 
Hibernate: 
    drop table if exists payments cascade 
Hibernate: 
    drop table if exists reservations cascade 
Hibernate: 
    drop table if exists seats cascade 
Hibernate: 
    drop table if exists user_queue cascade 
2026-02-04T14:10:04.510+09:00  INFO 37012 --- [concert_reservation] [ionShutdownHook] com.zaxxer.hikari.HikariDataSource       : HikariPool-1 - Shutdown initiated...
2026-02-04T14:10:04.511+09:00  INFO 37012 --- [concert_reservation] [ionShutdownHook] com.zaxxer.hikari.HikariDataSource       : HikariPool-1 - Shutdown completed.
2026-02-04T14:10:04.513+09:00  INFO 37012 --- [concert_reservation] [ionShutdownHook] j.LocalContainerEntityManagerFactoryBean : Closing JPA EntityManagerFactory for persistence unit 'default'
Hibernate: 
    drop table if exists balance cascade 
Hibernate: 
    drop table if exists concert_dates cascade 
Hibernate: 
    drop table if exists payments cascade 
Hibernate: 
    drop table if exists reservations cascade 
Hibernate: 
    drop table if exists seats cascade 
Hibernate: 
    drop table if exists user_queue cascade 
2026-02-04T14:10:04.514+09:00  INFO 37012 --- [concert_reservation] [ionShutdownHook] com.zaxxer.hikari.HikariDataSource       : HikariPool-2 - Shutdown initiated...
2026-02-04T14:10:04.516+09:00  INFO 37012 --- [concert_reservation] [ionShutdownHook] com.zaxxer.hikari.HikariDataSource       : HikariPool-2 - Shutdown completed.
2026-02-04T14:10:04.518+09:00  INFO 37012 --- [concert_reservation] [ionShutdownHook] j.LocalContainerEntityManagerFactoryBean : Closing JPA EntityManagerFactory for persistence unit 'default'
Hibernate: drop table if exists balance cascade 
Hibernate: drop table if exists concert_dates cascade 
Hibernate: drop table if exists payments cascade 
Hibernate: drop table if exists reservations cascade 
Hibernate: drop table if exists seats cascade 
Hibernate: drop table if exists user_queue cascade 
2026-02-04T14:10:04.521+09:00  INFO 37012 --- [concert_reservation] [ionShutdownHook] com.zaxxer.hikari.HikariDataSource       : HikariPool-3 - Shutdown initiated...
2026-02-04T14:10:04.522+09:00  INFO 37012 --- [concert_reservation] [ionShutdownHook] com.zaxxer.hikari.HikariDataSource       : HikariPool-3 - Shutdown completed.
2026-02-04T14:10:04.523+09:00  INFO 37012 --- [concert_reservation] [ionShutdownHook] j.LocalContainerEntityManagerFactoryBean : Closing JPA EntityManagerFactory for persistence unit 'default'
Hibernate: 
    drop table if exists balance cascade 
Hibernate: 
    drop table if exists concert_dates cascade 
Hibernate: 
    drop table if exists payments cascade 
Hibernate: 
    drop table if exists reservations cascade 
Hibernate: 
    drop table if exists seats cascade 
Hibernate: 
    drop table if exists user_queue cascade 
2026-02-04T14:10:04.527+09:00  INFO 37012 --- [concert_reservation] [ionShutdownHook] j.LocalContainerEntityManagerFactoryBean : Closing JPA EntityManagerFactory for persistence unit 'default'
Hibernate: 
    drop table if exists balance cascade 
Hibernate: 
    drop table if exists concert_dates cascade 
Hibernate: 
    drop table if exists payments cascade 
Hibernate: 
    drop table if exists reservations cascade 
Hibernate: 
    drop table if exists seats cascade 
Hibernate: 
    drop table if exists user_queue cascade 
2026-02-04T14:10:04.531+09:00  INFO 37012 --- [concert_reservation] [ionShutdownHook] j.LocalContainerEntityManagerFactoryBean : Closing JPA EntityManagerFactory for persistence unit 'default'
Hibernate: 
    drop table if exists balance cascade 
Hibernate: 
    drop table if exists concert_dates cascade 
Hibernate: 
    drop table if exists payments cascade 
Hibernate: 
    drop table if exists reservations cascade 
Hibernate: 
    drop table if exists seats cascade 
Hibernate: 
    drop table if exists user_queue cascade 
2026-02-04T14:10:04.534+09:00  INFO 37012 --- [concert_reservation] [ionShutdownHook] j.LocalContainerEntityManagerFactoryBean : Closing JPA EntityManagerFactory for persistence unit 'default'
Hibernate: 
    drop table if exists balance cascade 
Hibernate: 
    drop table if exists concert_dates cascade 
Hibernate: 
    drop table if exists payments cascade 
Hibernate: 
    drop table if exists reservations cascade 
Hibernate: 
    drop table if exists seats cascade 
Hibernate: 
    drop table if exists user_queue cascade 

[Incubating] Problems report is available at: file:///C:/Users/s_kim3/Desktop/project/concert_reservation/build/reports/problems/problems-report.html

BUILD SUCCESSFUL in 38s
6 actionable tasks: 6 executed
